2026-02-03 10:02:50.551 INFO  c.k.k.c.l.logback.LogbackConfigurator    - Logback default configuration initialized from: C:\Users\LENOVO\.katalon\packages\KSE-10.4.1\configuration\org.eclipse.osgi\131\0\.cp\resources\logback\logback-execution.xml
2026-02-03 10:02:50.556 INFO  c.k.k.c.l.logback.LogbackConfigurator    - Logback custom configuration initialized from: D:\ka\Include\config\log.properties
2026-02-03 10:02:51.296 INFO  c.k.katalon.core.main.TestSuiteExecutor  - START Test Suites/Addon - Maintenance Routine/Indicator Template
2026-02-03 10:02:51.418 INFO  c.k.katalon.core.main.TestSuiteExecutor  - userFullName = Aditya Daffa Syahputra
2026-02-03 10:02:51.419 INFO  c.k.katalon.core.main.TestSuiteExecutor  - projectName = katalon-automation
2026-02-03 10:02:51.420 INFO  c.k.katalon.core.main.TestSuiteExecutor  - hostName = LENOVO - LAPTOP-JCNL1CVB
2026-02-03 10:02:51.421 INFO  c.k.katalon.core.main.TestSuiteExecutor  - os = Windows 11 64bit
2026-02-03 10:02:51.423 INFO  c.k.katalon.core.main.TestSuiteExecutor  - hostAddress = 192.168.88.131
2026-02-03 10:02:51.424 INFO  c.k.katalon.core.main.TestSuiteExecutor  - katalonVersion = 10.4.1.0
2026-02-03 10:02:51.498 INFO  k.k.c.m.CustomKeywordDelegatingMetaClass - company.RandomGenerator.generateRandomText is PASSED
2026-02-03 10:02:51.503 INFO  k.k.c.m.CustomKeywordDelegatingMetaClass - company.RandomGenerator.generateRandomText is PASSED
2026-02-03 10:02:51.509 INFO  k.k.c.m.CustomKeywordDelegatingMetaClass - company.RandomGenerator.generateRandomText is PASSED
2026-02-03 10:02:51.513 INFO  k.k.c.m.CustomKeywordDelegatingMetaClass - company.RandomGenerator.generateRandomText is PASSED
2026-02-03 10:02:51.517 INFO  k.k.c.m.CustomKeywordDelegatingMetaClass - company.RandomGenerator.generateRandomText is PASSED
2026-02-03 10:02:51.526 INFO  k.k.c.m.CustomKeywordDelegatingMetaClass - company.RandomGenerator.generateRandomText is PASSED
2026-02-03 10:02:51.530 INFO  k.k.c.m.CustomKeywordDelegatingMetaClass - company.RandomGenerator.generateRandomText is PASSED
======================================================
RUNNING FROM TEST SUITE: Data di-generate sekali untuk semua TC.
======================================================
2026-02-03 10:02:52.431 INFO  c.k.katalon.core.main.TestCaseExecutor   - --------------------
2026-02-03 10:02:52.431 INFO  c.k.katalon.core.main.TestCaseExecutor   - START Test Cases/Module - Auth/Positive/Login User
SKIP GENERATE: Menggunakan data dari Test Suite Setup.
2026-02-03 10:02:52.589 DEBUG testcase.Login User                      - 1: openBrowser(Url)
2026-02-03 10:02:52.881 INFO  c.k.k.core.webui.driver.DriverFactory    - Starting 'Chrome' driver
2026-02-03 10:02:52.935 INFO  c.k.k.core.webui.driver.DriverFactory    - Action delay is set to 800 milliseconds
Feb 03, 2026 10:02:54 AM org.openqa.selenium.devtools.CdpVersionFinder findNearestMatch
WARNING: Unable to find CDP implementation matching 144
Feb 03, 2026 10:02:54 AM org.openqa.selenium.chromium.ChromiumDriver lambda$new$4
WARNING: Unable to find version of CDP to use for 144.0.7559.110. You may need to include a dependency on a specific version of the CDP using something similar to `org.seleniumhq.selenium:selenium-devtools-v86:4.34.0` where the version ("v86") matches the version of the chromium-based browser you're using and the version number of the artifact is the same as Selenium's.
2026-02-03 10:02:54.851 INFO  c.k.k.core.webui.driver.DriverFactory    - sessionId = fcec3e6982a2b66cc57e4009cd835c61
2026-02-03 10:02:54.853 INFO  c.k.k.core.webui.driver.DriverFactory    - browser = Chrome 144.0.7559.110
2026-02-03 10:02:54.854 INFO  c.k.k.core.webui.driver.DriverFactory    - platform = Windows 11
2026-02-03 10:02:54.855 INFO  c.k.k.core.webui.driver.DriverFactory    - seleniumVersion = 4.34.0
2026-02-03 10:02:54.872 INFO  c.k.k.core.webui.driver.DriverFactory    - proxyInformation = ProxyInformation { proxyOption=NO_PROXY, proxyServerType=HTTP, username=, password=********, proxyServerAddress=, proxyServerPort=0, executionList="", isApplyToDesiredCapabilities=true }
2026-02-03 10:03:04.897 DEBUG testcase.Login User                      - 2: maximizeWindow()
2026-02-03 10:03:04.961 DEBUG testcase.Login User                      - 3: setText(findTestObject("login session object/Input - Email"), Email)
2026-02-03 10:03:35.338 ERROR c.k.k.core.keyword.internal.KeywordMain  - ❌ Unable to set text 'testerTotal@mailnesia.com' of object 'Object Repository/login session object/Input - Email' (Root cause: com.kms.katalon.core.exception.StepFailedException: Unable to set text 'testerTotal@mailnesia.com' of object 'Object Repository/login session object/Input - Email'
	at com.kms.katalon.core.webui.keyword.internal.WebUIKeywordMain.stepFailed(WebUIKeywordMain.groovy:177)
	at com.kms.katalon.core.webui.keyword.internal.WebUIKeywordMain.runKeyword(WebUIKeywordMain.groovy:49)
	at com.kms.katalon.core.webui.keyword.internal.WebUIKeywordMain.runKeywordUntilTimeout(WebUIKeywordMain.groovy:133)
	at com.kms.katalon.core.webui.keyword.builtin.SetTextKeyword.setText(SetTextKeyword.groovy:106)
	at com.kms.katalon.core.webui.keyword.builtin.SetTextKeyword.execute(SetTextKeyword.groovy:49)
	at com.kms.katalon.core.keyword.internal.KeywordExecutor.executeKeywordForPlatform(KeywordExecutor.groovy:89)
	at com.kms.katalon.core.webui.keyword.WebUiBuiltInKeywords.setText(WebUiBuiltInKeywords.groovy:1081)
	at Login User.run(Login User:24)
	at com.kms.katalon.core.main.ScriptEngine.run(ScriptEngine.java:194)
	at com.kms.katalon.core.main.ScriptEngine.runScriptAsRawText(ScriptEngine.java:119)
	at com.kms.katalon.core.main.TestCaseExecutor.runScript(TestCaseExecutor.java:486)
	at com.kms.katalon.core.main.TestCaseExecutor.doExecute(TestCaseExecutor.java:477)
	at com.kms.katalon.core.main.TestCaseExecutor.processExecutionPhase(TestCaseExecutor.java:456)
	at com.kms.katalon.core.main.TestCaseExecutor.accessMainPhase(TestCaseExecutor.java:448)
	at com.kms.katalon.core.main.TestCaseExecutor.execute(TestCaseExecutor.java:322)
	at com.kms.katalon.core.common.CommonExecutor.accessTestCaseMainPhase(CommonExecutor.java:71)
	at com.kms.katalon.core.main.TestSuiteExecutor.accessTestSuiteMainPhase(TestSuiteExecutor.java:145)
	at com.kms.katalon.core.main.TestSuiteExecutor.execute(TestSuiteExecutor.java:104)
	at com.kms.katalon.core.main.TestCaseMain.startTestSuite(TestCaseMain.java:205)
	at TempTestSuite1770087561411.run(TempTestSuite1770087561411.groovy:35)
	at java.base/jdk.internal.reflect.NativeMethodAccessorImpl.invoke0(Native Method)
	at java.base/jdk.internal.reflect.NativeMethodAccessorImpl.invoke(NativeMethodAccessorImpl.java:77)
	at java.base/jdk.internal.reflect.DelegatingMethodAccessorImpl.invoke(DelegatingMethodAccessorImpl.java:43)
Caused by: com.kms.katalon.core.webui.exception.WebElementNotFoundException: Web element with id: 'Object Repository/login session object/Input - Email' located by 'By.xpath: //input[@placeholder = 'Enter your email']' not found
	at com.kms.katalon.core.webui.model.WebUiElementFinder.findElementByNormalMethods(WebUiElementFinder.java:193)
	at com.kms.katalon.core.webui.model.WebUiElementFinder.findElementsBySelectedMethod(WebUiElementFinder.java:91)
	at com.kms.katalon.core.webui.model.WebUiElementFinder.findElementsBySelectedMethod(WebUiElementFinder.java:74)
	at com.kms.katalon.core.webui.model.WebUiElementFinder.findElementsBySelectedMethod(WebUiElementFinder.java:69)
	at com.kms.katalon.core.webui.model.WebUiElementFinder.findElement(WebUiElementFinder.java:43)
	at com.kms.katalon.core.webui.model.WebUiElementFinderWithTimeout.basicFindElement(WebUiElementFinderWithTimeout.java:50)
	at com.kms.katalon.core.webui.model.WebUiElementFinderWithTimeout.lambda$0(WebUiElementFinderWithTimeout.java:29)
	at com.kms.katalon.core.webui.model.SeleniumActionRetryController.performAction(SeleniumActionRetryController.java:96)
	at com.kms.katalon.core.webui.model.SeleniumActionRetryController.performAction(SeleniumActionRetryController.java:83)
	at com.kms.katalon.core.webui.model.WebUiElementFinderWithTimeout.findElement(WebUiElementFinderWithTimeout.java:28)
	at com.kms.katalon.core.webui.keyword.internal.WebUIAbstractKeyword.findWebElement(WebUIAbstractKeyword.groovy:96)
	at com.kms.katalon.core.webui.keyword.builtin.SetTextKeyword$_setText_closure1.doCall(SetTextKeyword.groovy:67)
	at java.base/jdk.internal.reflect.NativeMethodAccessorImpl.invoke0(Native Method)
	at java.base/jdk.internal.reflect.NativeMethodAccessorImpl.invoke(NativeMethodAccessorImpl.java:77)
	at java.base/jdk.internal.reflect.DelegatingMethodAccessorImpl.invoke(DelegatingMethodAccessorImpl.java:43)
	at jdk.proxy2/jdk.proxy2.$Proxy48.execute(Unknown Source)
	at com.kms.katalon.core.webui.model.SeleniumActionRetryController.performAction(SeleniumActionRetryController.java:96)
	at com.kms.katalon.core.webui.model.SeleniumActionRetryController.performAction(SeleniumActionRetryController.java:83)
	at com.kms.katalon.core.webui.keyword.internal.WebUIKeywordMain$_runKeywordUntilTimeout_closure1.doCall(WebUIKeywordMain.groovy:135)
	at com.kms.katalon.core.webui.keyword.internal.WebUIKeywordMain$_runKeywordUntilTimeout_closure1.call(WebUIKeywordMain.groovy)
	at com.kms.katalon.core.webui.keyword.internal.WebUIKeywordMain.runKeyword(WebUIKeywordMain.groovy:41)
	at com.kms.katalon.core.webui.keyword.internal.WebUIKeywordMain.runKeywordUntilTimeout(WebUIKeywordMain.groovy:133)
	at com.kms.katalon.core.webui.keyword.builtin.SetTextKeyword.setText(SetTextKeyword.groovy:106)
	at com.kms.katalon.core.webui.keyword.builtin.SetTextKeyword.execute(SetTextKeyword.groovy:49)
	at com.kms.katalon.core.keyword.internal.KeywordExecutor.executeKeywordForPlatform(KeywordExecutor.groovy:89)
	at com.kms.katalon.core.webui.keyword.WebUiBuiltInKeywords.setText(WebUiBuiltInKeywords.groovy:1081)
	at Script1756265950346.run(Script1756265950346.groovy:24)
	... 15 more
)
2026-02-03 10:03:35.344 ERROR c.k.katalon.core.main.TestCaseExecutor   - ❌ Test Cases/Module - Auth/Positive/Login User FAILED.
Reason:
com.kms.katalon.core.exception.StepFailedException: Unable to set text 'testerTotal@mailnesia.com' of object 'Object Repository/login session object/Input - Email'
	at com.kms.katalon.core.webui.keyword.internal.WebUIKeywordMain.stepFailed(WebUIKeywordMain.groovy:177)
	at com.kms.katalon.core.webui.keyword.internal.WebUIKeywordMain.runKeyword(WebUIKeywordMain.groovy:49)
	at com.kms.katalon.core.webui.keyword.internal.WebUIKeywordMain.runKeywordUntilTimeout(WebUIKeywordMain.groovy:133)
	at com.kms.katalon.core.webui.keyword.builtin.SetTextKeyword.setText(SetTextKeyword.groovy:106)
	at com.kms.katalon.core.webui.keyword.builtin.SetTextKeyword.execute(SetTextKeyword.groovy:49)
	at com.kms.katalon.core.keyword.internal.KeywordExecutor.executeKeywordForPlatform(KeywordExecutor.groovy:89)
	at com.kms.katalon.core.webui.keyword.WebUiBuiltInKeywords.setText(WebUiBuiltInKeywords.groovy:1081)
	at Login User.run(Login User:24)
	at com.kms.katalon.core.main.ScriptEngine.run(ScriptEngine.java:194)
	at com.kms.katalon.core.main.ScriptEngine.runScriptAsRawText(ScriptEngine.java:119)
	at com.kms.katalon.core.main.TestCaseExecutor.runScript(TestCaseExecutor.java:486)
	at com.kms.katalon.core.main.TestCaseExecutor.doExecute(TestCaseExecutor.java:477)
	at com.kms.katalon.core.main.TestCaseExecutor.processExecutionPhase(TestCaseExecutor.java:456)
	at com.kms.katalon.core.main.TestCaseExecutor.accessMainPhase(TestCaseExecutor.java:448)
	at com.kms.katalon.core.main.TestCaseExecutor.execute(TestCaseExecutor.java:322)
	at com.kms.katalon.core.common.CommonExecutor.accessTestCaseMainPhase(CommonExecutor.java:71)
	at com.kms.katalon.core.main.TestSuiteExecutor.accessTestSuiteMainPhase(TestSuiteExecutor.java:145)
	at com.kms.katalon.core.main.TestSuiteExecutor.execute(TestSuiteExecutor.java:104)
	at com.kms.katalon.core.main.TestCaseMain.startTestSuite(TestCaseMain.java:205)
	at TempTestSuite1770087561411.run(TempTestSuite1770087561411.groovy:35)
	at java.base/jdk.internal.reflect.NativeMethodAccessorImpl.invoke0(Native Method)
	at java.base/jdk.internal.reflect.NativeMethodAccessorImpl.invoke(NativeMethodAccessorImpl.java:77)
	at java.base/jdk.internal.reflect.DelegatingMethodAccessorImpl.invoke(DelegatingMethodAccessorImpl.java:43)
Caused by: com.kms.katalon.core.webui.exception.WebElementNotFoundException: Web element with id: 'Object Repository/login session object/Input - Email' located by 'By.xpath: //input[@placeholder = 'Enter your email']' not found
	at com.kms.katalon.core.webui.model.WebUiElementFinder.findElementByNormalMethods(WebUiElementFinder.java:193)
	at com.kms.katalon.core.webui.model.WebUiElementFinder.findElementsBySelectedMethod(WebUiElementFinder.java:91)
	at com.kms.katalon.core.webui.model.WebUiElementFinder.findElementsBySelectedMethod(WebUiElementFinder.java:74)
	at com.kms.katalon.core.webui.model.WebUiElementFinder.findElementsBySelectedMethod(WebUiElementFinder.java:69)
	at com.kms.katalon.core.webui.model.WebUiElementFinder.findElement(WebUiElementFinder.java:43)
	at com.kms.katalon.core.webui.model.WebUiElementFinderWithTimeout.basicFindElement(WebUiElementFinderWithTimeout.java:50)
	at com.kms.katalon.core.webui.model.WebUiElementFinderWithTimeout.lambda$0(WebUiElementFinderWithTimeout.java:29)
	at com.kms.katalon.core.webui.model.SeleniumActionRetryController.performAction(SeleniumActionRetryController.java:96)
	at com.kms.katalon.core.webui.model.SeleniumActionRetryController.performAction(SeleniumActionRetryController.java:83)
	at com.kms.katalon.core.webui.model.WebUiElementFinderWithTimeout.findElement(WebUiElementFinderWithTimeout.java:28)
	at com.kms.katalon.core.webui.keyword.internal.WebUIAbstractKeyword.findWebElement(WebUIAbstractKeyword.groovy:96)
	at com.kms.katalon.core.webui.keyword.builtin.SetTextKeyword$_setText_closure1.doCall(SetTextKeyword.groovy:67)
	at java.base/jdk.internal.reflect.NativeMethodAccessorImpl.invoke0(Native Method)
	at java.base/jdk.internal.reflect.NativeMethodAccessorImpl.invoke(NativeMethodAccessorImpl.java:77)
	at java.base/jdk.internal.reflect.DelegatingMethodAccessorImpl.invoke(DelegatingMethodAccessorImpl.java:43)
	at jdk.proxy2/jdk.proxy2.$Proxy48.execute(Unknown Source)
	at com.kms.katalon.core.webui.model.SeleniumActionRetryController.performAction(SeleniumActionRetryController.java:96)
	at com.kms.katalon.core.webui.model.SeleniumActionRetryController.performAction(SeleniumActionRetryController.java:83)
	at com.kms.katalon.core.webui.keyword.internal.WebUIKeywordMain$_runKeywordUntilTimeout_closure1.doCall(WebUIKeywordMain.groovy:135)
	at com.kms.katalon.core.webui.keyword.internal.WebUIKeywordMain$_runKeywordUntilTimeout_closure1.call(WebUIKeywordMain.groovy)
	at com.kms.katalon.core.webui.keyword.internal.WebUIKeywordMain.runKeyword(WebUIKeywordMain.groovy:41)
	... 21 more

2026-02-03 10:03:35.347 INFO  c.k.katalon.core.main.TestCaseExecutor   - END Test Cases/Module - Auth/Positive/Login User
2026-02-03 10:03:35.357 INFO  c.k.katalon.core.main.TestCaseExecutor   - --------------------
2026-02-03 10:03:35.357 INFO  c.k.katalon.core.main.TestCaseExecutor   - START Test Cases/Click - Fixed Asset Button
SKIP GENERATE: Menggunakan data dari Test Suite Setup.
2026-02-03 10:03:35.436 DEBUG testcase.Click - Fixed Asset Button      - 1: click(findTestObject("login session object/Button - Fixed Asset"))
2026-02-03 10:04:05.791 ERROR c.k.k.core.keyword.internal.KeywordMain  - ❌ Unable to click on object 'Object Repository/login session object/Button - Fixed Asset' (Root cause: com.kms.katalon.core.exception.StepFailedException: Unable to click on object 'Object Repository/login session object/Button - Fixed Asset'
	at com.kms.katalon.core.webui.keyword.internal.WebUIKeywordMain.stepFailed(WebUIKeywordMain.groovy:177)
	at com.kms.katalon.core.webui.keyword.internal.WebUIKeywordMain.runKeyword(WebUIKeywordMain.groovy:49)
	at com.kms.katalon.core.webui.keyword.internal.WebUIKeywordMain.runKeywordUntilTimeout(WebUIKeywordMain.groovy:133)
	at com.kms.katalon.core.webui.keyword.builtin.ClickKeyword.click(ClickKeyword.groovy:65)
	at com.kms.katalon.core.webui.keyword.builtin.ClickKeyword.execute(ClickKeyword.groovy:38)
	at com.kms.katalon.core.keyword.internal.KeywordExecutor.executeKeywordForPlatform(KeywordExecutor.groovy:89)
	at com.kms.katalon.core.webui.keyword.WebUiBuiltInKeywords.click(WebUiBuiltInKeywords.groovy:721)
	at Click - Fixed Asset Button.run(Click - Fixed Asset Button:20)
	at com.kms.katalon.core.main.ScriptEngine.run(ScriptEngine.java:194)
	at com.kms.katalon.core.main.ScriptEngine.runScriptAsRawText(ScriptEngine.java:119)
	at com.kms.katalon.core.main.TestCaseExecutor.runScript(TestCaseExecutor.java:486)
	at com.kms.katalon.core.main.TestCaseExecutor.doExecute(TestCaseExecutor.java:477)
	at com.kms.katalon.core.main.TestCaseExecutor.processExecutionPhase(TestCaseExecutor.java:456)
	at com.kms.katalon.core.main.TestCaseExecutor.accessMainPhase(TestCaseExecutor.java:448)
	at com.kms.katalon.core.main.TestCaseExecutor.execute(TestCaseExecutor.java:322)
	at com.kms.katalon.core.common.CommonExecutor.accessTestCaseMainPhase(CommonExecutor.java:71)
	at com.kms.katalon.core.main.TestSuiteExecutor.accessTestSuiteMainPhase(TestSuiteExecutor.java:145)
	at com.kms.katalon.core.main.TestSuiteExecutor.execute(TestSuiteExecutor.java:104)
	at com.kms.katalon.core.main.TestCaseMain.startTestSuite(TestCaseMain.java:205)
	at TempTestSuite1770087561411.run(TempTestSuite1770087561411.groovy:35)
	at java.base/jdk.internal.reflect.NativeMethodAccessorImpl.invoke0(Native Method)
	at java.base/jdk.internal.reflect.NativeMethodAccessorImpl.invoke(NativeMethodAccessorImpl.java:77)
	at java.base/jdk.internal.reflect.DelegatingMethodAccessorImpl.invoke(DelegatingMethodAccessorImpl.java:43)
Caused by: com.kms.katalon.core.webui.exception.WebElementNotFoundException: Web element with id: 'Object Repository/login session object/Button - Fixed Asset' located by 'By.xpath: //a[@data-ts-name = 'module-fixed']' not found
	at com.kms.katalon.core.webui.model.WebUiElementFinder.findElementByNormalMethods(WebUiElementFinder.java:193)
	at com.kms.katalon.core.webui.model.WebUiElementFinder.findElementsBySelectedMethod(WebUiElementFinder.java:86)
	at com.kms.katalon.core.webui.model.WebUiElementFinder.findElementsBySelectedMethod(WebUiElementFinder.java:74)
	at com.kms.katalon.core.webui.model.WebUiElementFinder.findElementsBySelectedMethod(WebUiElementFinder.java:69)
	at com.kms.katalon.core.webui.model.WebUiElementFinder.findElement(WebUiElementFinder.java:43)
	at com.kms.katalon.core.webui.model.WebUiElementFinderWithTimeout.basicFindElement(WebUiElementFinderWithTimeout.java:50)
	at com.kms.katalon.core.webui.model.WebUiElementFinderWithTimeout.lambda$0(WebUiElementFinderWithTimeout.java:29)
	at com.kms.katalon.core.webui.model.SeleniumActionRetryController.performAction(SeleniumActionRetryController.java:96)
	at com.kms.katalon.core.webui.model.SeleniumActionRetryController.performAction(SeleniumActionRetryController.java:83)
	at com.kms.katalon.core.webui.model.WebUiElementFinderWithTimeout.findElement(WebUiElementFinderWithTimeout.java:28)
	at com.kms.katalon.core.webui.keyword.internal.WebUIAbstractKeyword.findWebElement(WebUIAbstractKeyword.groovy:96)
	at com.kms.katalon.core.webui.keyword.builtin.ClickKeyword$_click_closure1.doCall(ClickKeyword.groovy:52)
	at java.base/jdk.internal.reflect.NativeMethodAccessorImpl.invoke0(Native Method)
	at java.base/jdk.internal.reflect.NativeMethodAccessorImpl.invoke(NativeMethodAccessorImpl.java:77)
	at java.base/jdk.internal.reflect.DelegatingMethodAccessorImpl.invoke(DelegatingMethodAccessorImpl.java:43)
	at jdk.proxy2/jdk.proxy2.$Proxy48.execute(Unknown Source)
	at com.kms.katalon.core.webui.model.SeleniumActionRetryController.performAction(SeleniumActionRetryController.java:96)
	at com.kms.katalon.core.webui.model.SeleniumActionRetryController.performAction(SeleniumActionRetryController.java:83)
	at com.kms.katalon.core.webui.keyword.internal.WebUIKeywordMain$_runKeywordUntilTimeout_closure1.doCall(WebUIKeywordMain.groovy:135)
	at com.kms.katalon.core.webui.keyword.internal.WebUIKeywordMain$_runKeywordUntilTimeout_closure1.call(WebUIKeywordMain.groovy)
	at com.kms.katalon.core.webui.keyword.internal.WebUIKeywordMain.runKeyword(WebUIKeywordMain.groovy:41)
	at com.kms.katalon.core.webui.keyword.internal.WebUIKeywordMain.runKeywordUntilTimeout(WebUIKeywordMain.groovy:133)
	at com.kms.katalon.core.webui.keyword.builtin.ClickKeyword.click(ClickKeyword.groovy:65)
	at com.kms.katalon.core.webui.keyword.builtin.ClickKeyword.execute(ClickKeyword.groovy:38)
	at com.kms.katalon.core.keyword.internal.KeywordExecutor.executeKeywordForPlatform(KeywordExecutor.groovy:89)
	at com.kms.katalon.core.webui.keyword.WebUiBuiltInKeywords.click(WebUiBuiltInKeywords.groovy:721)
	at Script1765794197720.run(Script1765794197720.groovy:20)
	... 15 more
)
2026-02-03 10:04:05.794 ERROR c.k.katalon.core.main.TestCaseExecutor   - ❌ Test Cases/Click - Fixed Asset Button FAILED.
Reason:
com.kms.katalon.core.exception.StepFailedException: Unable to click on object 'Object Repository/login session object/Button - Fixed Asset'
	at com.kms.katalon.core.webui.keyword.internal.WebUIKeywordMain.stepFailed(WebUIKeywordMain.groovy:177)
	at com.kms.katalon.core.webui.keyword.internal.WebUIKeywordMain.runKeyword(WebUIKeywordMain.groovy:49)
	at com.kms.katalon.core.webui.keyword.internal.WebUIKeywordMain.runKeywordUntilTimeout(WebUIKeywordMain.groovy:133)
	at com.kms.katalon.core.webui.keyword.builtin.ClickKeyword.click(ClickKeyword.groovy:65)
	at com.kms.katalon.core.webui.keyword.builtin.ClickKeyword.execute(ClickKeyword.groovy:38)
	at com.kms.katalon.core.keyword.internal.KeywordExecutor.executeKeywordForPlatform(KeywordExecutor.groovy:89)
	at com.kms.katalon.core.webui.keyword.WebUiBuiltInKeywords.click(WebUiBuiltInKeywords.groovy:721)
	at Click - Fixed Asset Button.run(Click - Fixed Asset Button:20)
	at com.kms.katalon.core.main.ScriptEngine.run(ScriptEngine.java:194)
	at com.kms.katalon.core.main.ScriptEngine.runScriptAsRawText(ScriptEngine.java:119)
	at com.kms.katalon.core.main.TestCaseExecutor.runScript(TestCaseExecutor.java:486)
	at com.kms.katalon.core.main.TestCaseExecutor.doExecute(TestCaseExecutor.java:477)
	at com.kms.katalon.core.main.TestCaseExecutor.processExecutionPhase(TestCaseExecutor.java:456)
	at com.kms.katalon.core.main.TestCaseExecutor.accessMainPhase(TestCaseExecutor.java:448)
	at com.kms.katalon.core.main.TestCaseExecutor.execute(TestCaseExecutor.java:322)
	at com.kms.katalon.core.common.CommonExecutor.accessTestCaseMainPhase(CommonExecutor.java:71)
	at com.kms.katalon.core.main.TestSuiteExecutor.accessTestSuiteMainPhase(TestSuiteExecutor.java:145)
	at com.kms.katalon.core.main.TestSuiteExecutor.execute(TestSuiteExecutor.java:104)
	at com.kms.katalon.core.main.TestCaseMain.startTestSuite(TestCaseMain.java:205)
	at TempTestSuite1770087561411.run(TempTestSuite1770087561411.groovy:35)
	at java.base/jdk.internal.reflect.NativeMethodAccessorImpl.invoke0(Native Method)
	at java.base/jdk.internal.reflect.NativeMethodAccessorImpl.invoke(NativeMethodAccessorImpl.java:77)
	at java.base/jdk.internal.reflect.DelegatingMethodAccessorImpl.invoke(DelegatingMethodAccessorImpl.java:43)
Caused by: com.kms.katalon.core.webui.exception.WebElementNotFoundException: Web element with id: 'Object Repository/login session object/Button - Fixed Asset' located by 'By.xpath: //a[@data-ts-name = 'module-fixed']' not found
	at com.kms.katalon.core.webui.model.WebUiElementFinder.findElementByNormalMethods(WebUiElementFinder.java:193)
	at com.kms.katalon.core.webui.model.WebUiElementFinder.findElementsBySelectedMethod(WebUiElementFinder.java:86)
	at com.kms.katalon.core.webui.model.WebUiElementFinder.findElementsBySelectedMethod(WebUiElementFinder.java:74)
	at com.kms.katalon.core.webui.model.WebUiElementFinder.findElementsBySelectedMethod(WebUiElementFinder.java:69)
	at com.kms.katalon.core.webui.model.WebUiElementFinder.findElement(WebUiElementFinder.java:43)
	at com.kms.katalon.core.webui.model.WebUiElementFinderWithTimeout.basicFindElement(WebUiElementFinderWithTimeout.java:50)
	at com.kms.katalon.core.webui.model.WebUiElementFinderWithTimeout.lambda$0(WebUiElementFinderWithTimeout.java:29)
	at com.kms.katalon.core.webui.model.SeleniumActionRetryController.performAction(SeleniumActionRetryController.java:96)
	at com.kms.katalon.core.webui.model.SeleniumActionRetryController.performAction(SeleniumActionRetryController.java:83)
	at com.kms.katalon.core.webui.model.WebUiElementFinderWithTimeout.findElement(WebUiElementFinderWithTimeout.java:28)
	at com.kms.katalon.core.webui.keyword.internal.WebUIAbstractKeyword.findWebElement(WebUIAbstractKeyword.groovy:96)
	at com.kms.katalon.core.webui.keyword.builtin.ClickKeyword$_click_closure1.doCall(ClickKeyword.groovy:52)
	at java.base/jdk.internal.reflect.NativeMethodAccessorImpl.invoke0(Native Method)
	at java.base/jdk.internal.reflect.NativeMethodAccessorImpl.invoke(NativeMethodAccessorImpl.java:77)
	at java.base/jdk.internal.reflect.DelegatingMethodAccessorImpl.invoke(DelegatingMethodAccessorImpl.java:43)
	at jdk.proxy2/jdk.proxy2.$Proxy48.execute(Unknown Source)
	at com.kms.katalon.core.webui.model.SeleniumActionRetryController.performAction(SeleniumActionRetryController.java:96)
	at com.kms.katalon.core.webui.model.SeleniumActionRetryController.performAction(SeleniumActionRetryController.java:83)
	at com.kms.katalon.core.webui.keyword.internal.WebUIKeywordMain$_runKeywordUntilTimeout_closure1.doCall(WebUIKeywordMain.groovy:135)
	at com.kms.katalon.core.webui.keyword.internal.WebUIKeywordMain$_runKeywordUntilTimeout_closure1.call(WebUIKeywordMain.groovy)
	at com.kms.katalon.core.webui.keyword.internal.WebUIKeywordMain.runKeyword(WebUIKeywordMain.groovy:41)
	... 21 more

2026-02-03 10:04:05.797 INFO  c.k.katalon.core.main.TestCaseExecutor   - END Test Cases/Click - Fixed Asset Button
2026-02-03 10:04:05.800 INFO  c.k.katalon.core.main.TestCaseExecutor   - --------------------
2026-02-03 10:04:05.801 INFO  c.k.katalon.core.main.TestCaseExecutor   - START Test Cases/Module - Addon/Submodule - Maintenance Routine/Open - Addon Maintenance Routine
SKIP GENERATE: Menggunakan data dari Test Suite Setup.
2026-02-03 10:04:05.869 DEBUG t.Open - Addon Maintenance Routine       - 1: click(findTestObject("Object - Maintenance Routine/Sidebar Menu - Addon"))
2026-02-03 10:04:36.058 ERROR c.k.k.core.keyword.internal.KeywordMain  - ❌ Unable to click on object 'Object Repository/Object - Maintenance Routine/Sidebar Menu - Addon' (Root cause: com.kms.katalon.core.exception.StepFailedException: Unable to click on object 'Object Repository/Object - Maintenance Routine/Sidebar Menu - Addon'
	at com.kms.katalon.core.webui.keyword.internal.WebUIKeywordMain.stepFailed(WebUIKeywordMain.groovy:177)
	at com.kms.katalon.core.webui.keyword.internal.WebUIKeywordMain.runKeyword(WebUIKeywordMain.groovy:49)
	at com.kms.katalon.core.webui.keyword.internal.WebUIKeywordMain.runKeywordUntilTimeout(WebUIKeywordMain.groovy:133)
	at com.kms.katalon.core.webui.keyword.builtin.ClickKeyword.click(ClickKeyword.groovy:65)
	at com.kms.katalon.core.webui.keyword.builtin.ClickKeyword.execute(ClickKeyword.groovy:38)
	at com.kms.katalon.core.keyword.internal.KeywordExecutor.executeKeywordForPlatform(KeywordExecutor.groovy:89)
	at com.kms.katalon.core.webui.keyword.WebUiBuiltInKeywords.click(WebUiBuiltInKeywords.groovy:721)
	at Open - Addon Maintenance Routine.run(Open - Addon Maintenance Routine:20)
	at com.kms.katalon.core.main.ScriptEngine.run(ScriptEngine.java:194)
	at com.kms.katalon.core.main.ScriptEngine.runScriptAsRawText(ScriptEngine.java:119)
	at com.kms.katalon.core.main.TestCaseExecutor.runScript(TestCaseExecutor.java:486)
	at com.kms.katalon.core.main.TestCaseExecutor.doExecute(TestCaseExecutor.java:477)
	at com.kms.katalon.core.main.TestCaseExecutor.processExecutionPhase(TestCaseExecutor.java:456)
	at com.kms.katalon.core.main.TestCaseExecutor.accessMainPhase(TestCaseExecutor.java:448)
	at com.kms.katalon.core.main.TestCaseExecutor.execute(TestCaseExecutor.java:322)
	at com.kms.katalon.core.common.CommonExecutor.accessTestCaseMainPhase(CommonExecutor.java:71)
	at com.kms.katalon.core.main.TestSuiteExecutor.accessTestSuiteMainPhase(TestSuiteExecutor.java:145)
	at com.kms.katalon.core.main.TestSuiteExecutor.execute(TestSuiteExecutor.java:104)
	at com.kms.katalon.core.main.TestCaseMain.startTestSuite(TestCaseMain.java:205)
	at TempTestSuite1770087561411.run(TempTestSuite1770087561411.groovy:35)
	at java.base/jdk.internal.reflect.NativeMethodAccessorImpl.invoke0(Native Method)
	at java.base/jdk.internal.reflect.NativeMethodAccessorImpl.invoke(NativeMethodAccessorImpl.java:77)
	at java.base/jdk.internal.reflect.DelegatingMethodAccessorImpl.invoke(DelegatingMethodAccessorImpl.java:43)
Caused by: com.kms.katalon.core.webui.exception.WebElementNotFoundException: Web element with id: 'Object Repository/Object - Maintenance Routine/Sidebar Menu - Addon' located by 'By.xpath: //div[@data-menu-label = 'Addon']
' not found
	at com.kms.katalon.core.webui.model.WebUiElementFinder.findElementByNormalMethods(WebUiElementFinder.java:193)
	at com.kms.katalon.core.webui.model.WebUiElementFinder.findElementsBySelectedMethod(WebUiElementFinder.java:91)
	at com.kms.katalon.core.webui.model.WebUiElementFinder.findElementsBySelectedMethod(WebUiElementFinder.java:74)
	at com.kms.katalon.core.webui.model.WebUiElementFinder.findElementsBySelectedMethod(WebUiElementFinder.java:69)
	at com.kms.katalon.core.webui.model.WebUiElementFinder.findElement(WebUiElementFinder.java:43)
	at com.kms.katalon.core.webui.model.WebUiElementFinderWithTimeout.basicFindElement(WebUiElementFinderWithTimeout.java:50)
	at com.kms.katalon.core.webui.model.WebUiElementFinderWithTimeout.lambda$0(WebUiElementFinderWithTimeout.java:29)
	at com.kms.katalon.core.webui.model.SeleniumActionRetryController.performAction(SeleniumActionRetryController.java:96)
	at com.kms.katalon.core.webui.model.SeleniumActionRetryController.performAction(SeleniumActionRetryController.java:83)
	at com.kms.katalon.core.webui.model.WebUiElementFinderWithTimeout.findElement(WebUiElementFinderWithTimeout.java:28)
	at com.kms.katalon.core.webui.keyword.internal.WebUIAbstractKeyword.findWebElement(WebUIAbstractKeyword.groovy:96)
	at com.kms.katalon.core.webui.keyword.builtin.ClickKeyword$_click_closure1.doCall(ClickKeyword.groovy:52)
	at java.base/jdk.internal.reflect.NativeMethodAccessorImpl.invoke0(Native Method)
	at java.base/jdk.internal.reflect.NativeMethodAccessorImpl.invoke(NativeMethodAccessorImpl.java:77)
	at java.base/jdk.internal.reflect.DelegatingMethodAccessorImpl.invoke(DelegatingMethodAccessorImpl.java:43)
	at jdk.proxy2/jdk.proxy2.$Proxy48.execute(Unknown Source)
	at com.kms.katalon.core.webui.model.SeleniumActionRetryController.performAction(SeleniumActionRetryController.java:96)
	at com.kms.katalon.core.webui.model.SeleniumActionRetryController.performAction(SeleniumActionRetryController.java:83)
	at com.kms.katalon.core.webui.keyword.internal.WebUIKeywordMain$_runKeywordUntilTimeout_closure1.doCall(WebUIKeywordMain.groovy:135)
	at com.kms.katalon.core.webui.keyword.internal.WebUIKeywordMain$_runKeywordUntilTimeout_closure1.call(WebUIKeywordMain.groovy)
	at com.kms.katalon.core.webui.keyword.internal.WebUIKeywordMain.runKeyword(WebUIKeywordMain.groovy:41)
	at com.kms.katalon.core.webui.keyword.internal.WebUIKeywordMain.runKeywordUntilTimeout(WebUIKeywordMain.groovy:133)
	at com.kms.katalon.core.webui.keyword.builtin.ClickKeyword.click(ClickKeyword.groovy:65)
	at com.kms.katalon.core.webui.keyword.builtin.ClickKeyword.execute(ClickKeyword.groovy:38)
	at com.kms.katalon.core.keyword.internal.KeywordExecutor.executeKeywordForPlatform(KeywordExecutor.groovy:89)
	at com.kms.katalon.core.webui.keyword.WebUiBuiltInKeywords.click(WebUiBuiltInKeywords.groovy:721)
	at Script1769584354920.run(Script1769584354920.groovy:20)
	... 15 more
)
2026-02-03 10:04:36.061 ERROR c.k.katalon.core.main.TestCaseExecutor   - ❌ Test Cases/Module - Addon/Submodule - Maintenance Routine/Open - Addon Maintenance Routine FAILED.
Reason:
com.kms.katalon.core.exception.StepFailedException: Unable to click on object 'Object Repository/Object - Maintenance Routine/Sidebar Menu - Addon'
	at com.kms.katalon.core.webui.keyword.internal.WebUIKeywordMain.stepFailed(WebUIKeywordMain.groovy:177)
	at com.kms.katalon.core.webui.keyword.internal.WebUIKeywordMain.runKeyword(WebUIKeywordMain.groovy:49)
	at com.kms.katalon.core.webui.keyword.internal.WebUIKeywordMain.runKeywordUntilTimeout(WebUIKeywordMain.groovy:133)
	at com.kms.katalon.core.webui.keyword.builtin.ClickKeyword.click(ClickKeyword.groovy:65)
	at com.kms.katalon.core.webui.keyword.builtin.ClickKeyword.execute(ClickKeyword.groovy:38)
	at com.kms.katalon.core.keyword.internal.KeywordExecutor.executeKeywordForPlatform(KeywordExecutor.groovy:89)
	at com.kms.katalon.core.webui.keyword.WebUiBuiltInKeywords.click(WebUiBuiltInKeywords.groovy:721)
	at Open - Addon Maintenance Routine.run(Open - Addon Maintenance Routine:20)
	at com.kms.katalon.core.main.ScriptEngine.run(ScriptEngine.java:194)
	at com.kms.katalon.core.main.ScriptEngine.runScriptAsRawText(ScriptEngine.java:119)
	at com.kms.katalon.core.main.TestCaseExecutor.runScript(TestCaseExecutor.java:486)
	at com.kms.katalon.core.main.TestCaseExecutor.doExecute(TestCaseExecutor.java:477)
	at com.kms.katalon.core.main.TestCaseExecutor.processExecutionPhase(TestCaseExecutor.java:456)
	at com.kms.katalon.core.main.TestCaseExecutor.accessMainPhase(TestCaseExecutor.java:448)
	at com.kms.katalon.core.main.TestCaseExecutor.execute(TestCaseExecutor.java:322)
	at com.kms.katalon.core.common.CommonExecutor.accessTestCaseMainPhase(CommonExecutor.java:71)
	at com.kms.katalon.core.main.TestSuiteExecutor.accessTestSuiteMainPhase(TestSuiteExecutor.java:145)
	at com.kms.katalon.core.main.TestSuiteExecutor.execute(TestSuiteExecutor.java:104)
	at com.kms.katalon.core.main.TestCaseMain.startTestSuite(TestCaseMain.java:205)
	at TempTestSuite1770087561411.run(TempTestSuite1770087561411.groovy:35)
	at java.base/jdk.internal.reflect.NativeMethodAccessorImpl.invoke0(Native Method)
	at java.base/jdk.internal.reflect.NativeMethodAccessorImpl.invoke(NativeMethodAccessorImpl.java:77)
	at java.base/jdk.internal.reflect.DelegatingMethodAccessorImpl.invoke(DelegatingMethodAccessorImpl.java:43)
Caused by: com.kms.katalon.core.webui.exception.WebElementNotFoundException: Web element with id: 'Object Repository/Object - Maintenance Routine/Sidebar Menu - Addon' located by 'By.xpath: //div[@data-menu-label = 'Addon']
' not found
	at com.kms.katalon.core.webui.model.WebUiElementFinder.findElementByNormalMethods(WebUiElementFinder.java:193)
	at com.kms.katalon.core.webui.model.WebUiElementFinder.findElementsBySelectedMethod(WebUiElementFinder.java:91)
	at com.kms.katalon.core.webui.model.WebUiElementFinder.findElementsBySelectedMethod(WebUiElementFinder.java:74)
	at com.kms.katalon.core.webui.model.WebUiElementFinder.findElementsBySelectedMethod(WebUiElementFinder.java:69)
	at com.kms.katalon.core.webui.model.WebUiElementFinder.findElement(WebUiElementFinder.java:43)
	at com.kms.katalon.core.webui.model.WebUiElementFinderWithTimeout.basicFindElement(WebUiElementFinderWithTimeout.java:50)
	at com.kms.katalon.core.webui.model.WebUiElementFinderWithTimeout.lambda$0(WebUiElementFinderWithTimeout.java:29)
	at com.kms.katalon.core.webui.model.SeleniumActionRetryController.performAction(SeleniumActionRetryController.java:96)
	at com.kms.katalon.core.webui.model.SeleniumActionRetryController.performAction(SeleniumActionRetryController.java:83)
	at com.kms.katalon.core.webui.model.WebUiElementFinderWithTimeout.findElement(WebUiElementFinderWithTimeout.java:28)
	at com.kms.katalon.core.webui.keyword.internal.WebUIAbstractKeyword.findWebElement(WebUIAbstractKeyword.groovy:96)
	at com.kms.katalon.core.webui.keyword.builtin.ClickKeyword$_click_closure1.doCall(ClickKeyword.groovy:52)
	at java.base/jdk.internal.reflect.NativeMethodAccessorImpl.invoke0(Native Method)
	at java.base/jdk.internal.reflect.NativeMethodAccessorImpl.invoke(NativeMethodAccessorImpl.java:77)
	at java.base/jdk.internal.reflect.DelegatingMethodAccessorImpl.invoke(DelegatingMethodAccessorImpl.java:43)
	at jdk.proxy2/jdk.proxy2.$Proxy48.execute(Unknown Source)
	at com.kms.katalon.core.webui.model.SeleniumActionRetryController.performAction(SeleniumActionRetryController.java:96)
	at com.kms.katalon.core.webui.model.SeleniumActionRetryController.performAction(SeleniumActionRetryController.java:83)
	at com.kms.katalon.core.webui.keyword.internal.WebUIKeywordMain$_runKeywordUntilTimeout_closure1.doCall(WebUIKeywordMain.groovy:135)
	at com.kms.katalon.core.webui.keyword.internal.WebUIKeywordMain$_runKeywordUntilTimeout_closure1.call(WebUIKeywordMain.groovy)
	at com.kms.katalon.core.webui.keyword.internal.WebUIKeywordMain.runKeyword(WebUIKeywordMain.groovy:41)
	... 21 more

2026-02-03 10:04:36.064 INFO  c.k.katalon.core.main.TestCaseExecutor   - END Test Cases/Module - Addon/Submodule - Maintenance Routine/Open - Addon Maintenance Routine
2026-02-03 10:04:36.068 INFO  c.k.katalon.core.main.TestCaseExecutor   - --------------------
2026-02-03 10:04:36.068 INFO  c.k.katalon.core.main.TestCaseExecutor   - START Test Cases/Module - Addon/Submodule - Maintenance Routine/Positive (New)/Create - New Indicator Template Selection
2026-02-03 10:04:36.098 INFO  c.k.katalon.core.main.TestCaseExecutor   - (Default) variable = 
SKIP GENERATE: Menggunakan data dari Test Suite Setup.
2026-02-03 10:04:36.179 DEBUG reate - New Indicator Template Selection - 1: click(findTestObject("Object - Maintenance Routine/Tab - Operations"))
2026-02-03 10:05:06.546 ERROR c.k.k.core.keyword.internal.KeywordMain  - ❌ Unable to click on object 'Object Repository/Object - Maintenance Routine/Tab - Operations' (Root cause: com.kms.katalon.core.exception.StepFailedException: Unable to click on object 'Object Repository/Object - Maintenance Routine/Tab - Operations'
	at com.kms.katalon.core.webui.keyword.internal.WebUIKeywordMain.stepFailed(WebUIKeywordMain.groovy:177)
	at com.kms.katalon.core.webui.keyword.internal.WebUIKeywordMain.runKeyword(WebUIKeywordMain.groovy:49)
	at com.kms.katalon.core.webui.keyword.internal.WebUIKeywordMain.runKeywordUntilTimeout(WebUIKeywordMain.groovy:133)
	at com.kms.katalon.core.webui.keyword.builtin.ClickKeyword.click(ClickKeyword.groovy:65)
	at com.kms.katalon.core.webui.keyword.builtin.ClickKeyword.execute(ClickKeyword.groovy:38)
	at com.kms.katalon.core.keyword.internal.KeywordExecutor.executeKeywordForPlatform(KeywordExecutor.groovy:89)
	at com.kms.katalon.core.webui.keyword.WebUiBuiltInKeywords.click(WebUiBuiltInKeywords.groovy:721)
	at Create - New Indicator Template Selection.run(Create - New Indicator Template Selection:20)
	at com.kms.katalon.core.main.ScriptEngine.run(ScriptEngine.java:194)
	at com.kms.katalon.core.main.ScriptEngine.runScriptAsRawText(ScriptEngine.java:119)
	at com.kms.katalon.core.main.TestCaseExecutor.runScript(TestCaseExecutor.java:486)
	at com.kms.katalon.core.main.TestCaseExecutor.doExecute(TestCaseExecutor.java:477)
	at com.kms.katalon.core.main.TestCaseExecutor.processExecutionPhase(TestCaseExecutor.java:456)
	at com.kms.katalon.core.main.TestCaseExecutor.accessMainPhase(TestCaseExecutor.java:448)
	at com.kms.katalon.core.main.TestCaseExecutor.execute(TestCaseExecutor.java:322)
	at com.kms.katalon.core.common.CommonExecutor.accessTestCaseMainPhase(CommonExecutor.java:71)
	at com.kms.katalon.core.main.TestSuiteExecutor.accessTestSuiteMainPhase(TestSuiteExecutor.java:145)
	at com.kms.katalon.core.main.TestSuiteExecutor.execute(TestSuiteExecutor.java:104)
	at com.kms.katalon.core.main.TestCaseMain.startTestSuite(TestCaseMain.java:205)
	at TempTestSuite1770087561411.run(TempTestSuite1770087561411.groovy:35)
	at java.base/jdk.internal.reflect.NativeMethodAccessorImpl.invoke0(Native Method)
	at java.base/jdk.internal.reflect.NativeMethodAccessorImpl.invoke(NativeMethodAccessorImpl.java:77)
	at java.base/jdk.internal.reflect.DelegatingMethodAccessorImpl.invoke(DelegatingMethodAccessorImpl.java:43)
Caused by: com.kms.katalon.core.webui.exception.WebElementNotFoundException: Web element with id: 'Object Repository/Object - Maintenance Routine/Tab - Operations' located by 'By.xpath: //a[@href = '/addon/maintenance-routine/operations']' not found
	at com.kms.katalon.core.webui.model.WebUiElementFinder.findElementByNormalMethods(WebUiElementFinder.java:193)
	at com.kms.katalon.core.webui.model.WebUiElementFinder.findElementsBySelectedMethod(WebUiElementFinder.java:86)
	at com.kms.katalon.core.webui.model.WebUiElementFinder.findElementsBySelectedMethod(WebUiElementFinder.java:74)
	at com.kms.katalon.core.webui.model.WebUiElementFinder.findElementsBySelectedMethod(WebUiElementFinder.java:69)
	at com.kms.katalon.core.webui.model.WebUiElementFinder.findElement(WebUiElementFinder.java:43)
	at com.kms.katalon.core.webui.model.WebUiElementFinderWithTimeout.basicFindElement(WebUiElementFinderWithTimeout.java:50)
	at com.kms.katalon.core.webui.model.WebUiElementFinderWithTimeout.lambda$0(WebUiElementFinderWithTimeout.java:29)
	at com.kms.katalon.core.webui.model.SeleniumActionRetryController.performAction(SeleniumActionRetryController.java:96)
	at com.kms.katalon.core.webui.model.SeleniumActionRetryController.performAction(SeleniumActionRetryController.java:83)
	at com.kms.katalon.core.webui.model.WebUiElementFinderWithTimeout.findElement(WebUiElementFinderWithTimeout.java:28)
	at com.kms.katalon.core.webui.keyword.internal.WebUIAbstractKeyword.findWebElement(WebUIAbstractKeyword.groovy:96)
	at com.kms.katalon.core.webui.keyword.builtin.ClickKeyword$_click_closure1.doCall(ClickKeyword.groovy:52)
	at java.base/jdk.internal.reflect.NativeMethodAccessorImpl.invoke0(Native Method)
	at java.base/jdk.internal.reflect.NativeMethodAccessorImpl.invoke(NativeMethodAccessorImpl.java:77)
	at java.base/jdk.internal.reflect.DelegatingMethodAccessorImpl.invoke(DelegatingMethodAccessorImpl.java:43)
	at jdk.proxy2/jdk.proxy2.$Proxy48.execute(Unknown Source)
	at com.kms.katalon.core.webui.model.SeleniumActionRetryController.performAction(SeleniumActionRetryController.java:96)
	at com.kms.katalon.core.webui.model.SeleniumActionRetryController.performAction(SeleniumActionRetryController.java:83)
	at com.kms.katalon.core.webui.keyword.internal.WebUIKeywordMain$_runKeywordUntilTimeout_closure1.doCall(WebUIKeywordMain.groovy:135)
	at com.kms.katalon.core.webui.keyword.internal.WebUIKeywordMain$_runKeywordUntilTimeout_closure1.call(WebUIKeywordMain.groovy)
	at com.kms.katalon.core.webui.keyword.internal.WebUIKeywordMain.runKeyword(WebUIKeywordMain.groovy:41)
	at com.kms.katalon.core.webui.keyword.internal.WebUIKeywordMain.runKeywordUntilTimeout(WebUIKeywordMain.groovy:133)
	at com.kms.katalon.core.webui.keyword.builtin.ClickKeyword.click(ClickKeyword.groovy:65)
	at com.kms.katalon.core.webui.keyword.builtin.ClickKeyword.execute(ClickKeyword.groovy:38)
	at com.kms.katalon.core.keyword.internal.KeywordExecutor.executeKeywordForPlatform(KeywordExecutor.groovy:89)
	at com.kms.katalon.core.webui.keyword.WebUiBuiltInKeywords.click(WebUiBuiltInKeywords.groovy:721)
	at Script1769656031076.run(Script1769656031076.groovy:20)
	... 15 more
)
2026-02-03 10:05:06.549 ERROR c.k.katalon.core.main.TestCaseExecutor   - ❌ Test Cases/Module - Addon/Submodule - Maintenance Routine/Positive (New)/Create - New Indicator Template Selection FAILED.
Reason:
com.kms.katalon.core.exception.StepFailedException: Unable to click on object 'Object Repository/Object - Maintenance Routine/Tab - Operations'
	at com.kms.katalon.core.webui.keyword.internal.WebUIKeywordMain.stepFailed(WebUIKeywordMain.groovy:177)
	at com.kms.katalon.core.webui.keyword.internal.WebUIKeywordMain.runKeyword(WebUIKeywordMain.groovy:49)
	at com.kms.katalon.core.webui.keyword.internal.WebUIKeywordMain.runKeywordUntilTimeout(WebUIKeywordMain.groovy:133)
	at com.kms.katalon.core.webui.keyword.builtin.ClickKeyword.click(ClickKeyword.groovy:65)
	at com.kms.katalon.core.webui.keyword.builtin.ClickKeyword.execute(ClickKeyword.groovy:38)
	at com.kms.katalon.core.keyword.internal.KeywordExecutor.executeKeywordForPlatform(KeywordExecutor.groovy:89)
	at com.kms.katalon.core.webui.keyword.WebUiBuiltInKeywords.click(WebUiBuiltInKeywords.groovy:721)
	at Create - New Indicator Template Selection.run(Create - New Indicator Template Selection:20)
	at com.kms.katalon.core.main.ScriptEngine.run(ScriptEngine.java:194)
	at com.kms.katalon.core.main.ScriptEngine.runScriptAsRawText(ScriptEngine.java:119)
	at com.kms.katalon.core.main.TestCaseExecutor.runScript(TestCaseExecutor.java:486)
	at com.kms.katalon.core.main.TestCaseExecutor.doExecute(TestCaseExecutor.java:477)
	at com.kms.katalon.core.main.TestCaseExecutor.processExecutionPhase(TestCaseExecutor.java:456)
	at com.kms.katalon.core.main.TestCaseExecutor.accessMainPhase(TestCaseExecutor.java:448)
	at com.kms.katalon.core.main.TestCaseExecutor.execute(TestCaseExecutor.java:322)
	at com.kms.katalon.core.common.CommonExecutor.accessTestCaseMainPhase(CommonExecutor.java:71)
	at com.kms.katalon.core.main.TestSuiteExecutor.accessTestSuiteMainPhase(TestSuiteExecutor.java:145)
	at com.kms.katalon.core.main.TestSuiteExecutor.execute(TestSuiteExecutor.java:104)
	at com.kms.katalon.core.main.TestCaseMain.startTestSuite(TestCaseMain.java:205)
	at TempTestSuite1770087561411.run(TempTestSuite1770087561411.groovy:35)
	at java.base/jdk.internal.reflect.NativeMethodAccessorImpl.invoke0(Native Method)
	at java.base/jdk.internal.reflect.NativeMethodAccessorImpl.invoke(NativeMethodAccessorImpl.java:77)
	at java.base/jdk.internal.reflect.DelegatingMethodAccessorImpl.invoke(DelegatingMethodAccessorImpl.java:43)
Caused by: com.kms.katalon.core.webui.exception.WebElementNotFoundException: Web element with id: 'Object Repository/Object - Maintenance Routine/Tab - Operations' located by 'By.xpath: //a[@href = '/addon/maintenance-routine/operations']' not found
	at com.kms.katalon.core.webui.model.WebUiElementFinder.findElementByNormalMethods(WebUiElementFinder.java:193)
	at com.kms.katalon.core.webui.model.WebUiElementFinder.findElementsBySelectedMethod(WebUiElementFinder.java:86)
	at com.kms.katalon.core.webui.model.WebUiElementFinder.findElementsBySelectedMethod(WebUiElementFinder.java:74)
	at com.kms.katalon.core.webui.model.WebUiElementFinder.findElementsBySelectedMethod(WebUiElementFinder.java:69)
	at com.kms.katalon.core.webui.model.WebUiElementFinder.findElement(WebUiElementFinder.java:43)
	at com.kms.katalon.core.webui.model.WebUiElementFinderWithTimeout.basicFindElement(WebUiElementFinderWithTimeout.java:50)
	at com.kms.katalon.core.webui.model.WebUiElementFinderWithTimeout.lambda$0(WebUiElementFinderWithTimeout.java:29)
	at com.kms.katalon.core.webui.model.SeleniumActionRetryController.performAction(SeleniumActionRetryController.java:96)
	at com.kms.katalon.core.webui.model.SeleniumActionRetryController.performAction(SeleniumActionRetryController.java:83)
	at com.kms.katalon.core.webui.model.WebUiElementFinderWithTimeout.findElement(WebUiElementFinderWithTimeout.java:28)
	at com.kms.katalon.core.webui.keyword.internal.WebUIAbstractKeyword.findWebElement(WebUIAbstractKeyword.groovy:96)
	at com.kms.katalon.core.webui.keyword.builtin.ClickKeyword$_click_closure1.doCall(ClickKeyword.groovy:52)
	at java.base/jdk.internal.reflect.NativeMethodAccessorImpl.invoke0(Native Method)
	at java.base/jdk.internal.reflect.NativeMethodAccessorImpl.invoke(NativeMethodAccessorImpl.java:77)
	at java.base/jdk.internal.reflect.DelegatingMethodAccessorImpl.invoke(DelegatingMethodAccessorImpl.java:43)
	at jdk.proxy2/jdk.proxy2.$Proxy48.execute(Unknown Source)
	at com.kms.katalon.core.webui.model.SeleniumActionRetryController.performAction(SeleniumActionRetryController.java:96)
	at com.kms.katalon.core.webui.model.SeleniumActionRetryController.performAction(SeleniumActionRetryController.java:83)
	at com.kms.katalon.core.webui.keyword.internal.WebUIKeywordMain$_runKeywordUntilTimeout_closure1.doCall(WebUIKeywordMain.groovy:135)
	at com.kms.katalon.core.webui.keyword.internal.WebUIKeywordMain$_runKeywordUntilTimeout_closure1.call(WebUIKeywordMain.groovy)
	at com.kms.katalon.core.webui.keyword.internal.WebUIKeywordMain.runKeyword(WebUIKeywordMain.groovy:41)
	... 21 more

2026-02-03 10:05:06.553 INFO  c.k.katalon.core.main.TestCaseExecutor   - END Test Cases/Module - Addon/Submodule - Maintenance Routine/Positive (New)/Create - New Indicator Template Selection
2026-02-03 10:05:06.556 INFO  c.k.katalon.core.main.TestCaseExecutor   - --------------------
2026-02-03 10:05:06.556 INFO  c.k.katalon.core.main.TestCaseExecutor   - START Test Cases/Module - Addon/Submodule - Maintenance Routine/Positive (New)/Create - New Indicator Template Single Value
2026-02-03 10:05:06.568 INFO  c.k.katalon.core.main.TestCaseExecutor   - (Default) variable = 
SKIP GENERATE: Menggunakan data dari Test Suite Setup.
2026-02-03 10:05:06.640 DEBUG reate - New Indicator Template Selection - 1: click(findTestObject("Object - Maintenance Routine/Tab - Operations"))
2026-02-03 10:05:17.771 DEBUG reate - New Indicator Template Selection - 2: click(findTestObject("Object - Maintenance Routine/Badge - Indicator"))
2026-02-03 10:05:22.244 DEBUG reate - New Indicator Template Selection - 3: click(findTestObject("Object - Maintenance Routine/Button - Add Template"))
2026-02-03 10:05:25.241 DEBUG reate - New Indicator Template Selection - 4: setText(findTestObject("Object - Maintenance Routine/Input - Template Name"), "Testing Template Single Value")
2026-02-03 10:05:26.975 DEBUG reate - New Indicator Template Selection - 5: click(findTestObject("Object - Maintenance Routine/Button - Select Category in Dialog"))
2026-02-03 10:05:28.141 DEBUG reate - New Indicator Template Selection - 6: company.EntitySelector.selectCategoryInDialog(defaultCategory)
2026-02-03 10:05:30.377 INFO  com.kms.katalon.core.util.KeywordUtil    - Category terpilih: Adit-Category
2026-02-03 10:05:30.378 INFO  k.k.c.m.CustomKeywordDelegatingMetaClass - company.EntitySelector.selectCategoryInDialog is PASSED
2026-02-03 10:05:30.379 DEBUG reate - New Indicator Template Selection - 7: click(findTestObject("Object - Maintenance Routine/Button - Select"))
2026-02-03 10:05:31.747 DEBUG reate - New Indicator Template Selection - 8: setText(findTestObject("Object - Maintenance Routine/Input - Template Description"), generatedName)
2026-02-03 10:05:33.458 DEBUG reate - New Indicator Template Selection - 9: click(findTestObject("Object - Maintenance Routine/Button - Add Indicator"))
2026-02-03 10:05:34.715 DEBUG reate - New Indicator Template Selection - 10: setText(findTestObject("Object - Maintenance Routine/Input - Indicator Name"), "Servis")
2026-02-03 10:05:36.461 DEBUG reate - New Indicator Template Selection - 11: click(findTestObject("Object - Maintenance Routine/Input - Select Type"))
2026-02-03 10:05:37.841 DEBUG reate - New Indicator Template Selection - 12: click(findTestObject("Object - Maintenance Routine/List - Single Value"))
2026-02-03 10:05:39.256 DEBUG reate - New Indicator Template Selection - 13: click(findTestObject("Object - Maintenance Routine/Input - Value Type"))
2026-02-03 10:05:40.678 DEBUG reate - New Indicator Template Selection - 14: click(findTestObject("Object - Maintenance Routine/List - Number"))
2026-02-03 10:05:42.038 DEBUG reate - New Indicator Template Selection - 15: setText(findTestObject("Object - Maintenance Routine/Input - Measurement"), "Suhu")
2026-02-03 10:05:43.801 DEBUG reate - New Indicator Template Selection - 16: click(findTestObject("Object - Maintenance Routine/Button - Save"))
2026-02-03 10:05:45.185 DEBUG reate - New Indicator Template Selection - 17: click(findTestObject("Object - Maintenance Routine/Button - Submit"))
2026-02-03 10:05:46.620 DEBUG reate - New Indicator Template Selection - 18: verifyElementVisible(findTestObject("Object - Maintenance Routine/Toast - Success"))
2026-02-03 10:05:49.219 DEBUG reate - New Indicator Template Selection - 19: verifyElementText(findTestObject("Object - Maintenance Routine/Toast - Success"), "Success, template has been created.")
2026-02-03 10:05:49.516 INFO  c.k.katalon.core.main.TestCaseExecutor   - END Test Cases/Module - Addon/Submodule - Maintenance Routine/Positive (New)/Create - New Indicator Template Single Value
2026-02-03 10:05:49.519 INFO  c.k.katalon.core.main.TestCaseExecutor   - --------------------
2026-02-03 10:05:49.519 INFO  c.k.katalon.core.main.TestCaseExecutor   - START Test Cases/Module - Addon/Submodule - Maintenance Routine/Positive (New)/Create - New Indicator Template Range Value
2026-02-03 10:05:49.531 INFO  c.k.katalon.core.main.TestCaseExecutor   - (Default) variable = 
SKIP GENERATE: Menggunakan data dari Test Suite Setup.
2026-02-03 10:05:49.601 DEBUG reate - New Indicator Template Selection - 1: click(findTestObject("Object - Maintenance Routine/Tab - Operations"))
2026-02-03 10:05:50.912 DEBUG reate - New Indicator Template Selection - 2: click(findTestObject("Object - Maintenance Routine/Badge - Indicator"))
2026-02-03 10:05:54.078 DEBUG reate - New Indicator Template Selection - 3: click(findTestObject("Object - Maintenance Routine/Button - Add Template"))
2026-02-03 10:05:55.970 DEBUG reate - New Indicator Template Selection - 4: setText(findTestObject("Object - Maintenance Routine/Input - Template Name"), "Testing Template Range Value")
2026-02-03 10:05:57.698 DEBUG reate - New Indicator Template Selection - 5: click(findTestObject("Object - Maintenance Routine/Button - Select Category in Dialog"))
2026-02-03 10:05:58.878 DEBUG reate - New Indicator Template Selection - 6: company.EntitySelector.selectCategoryInDialog(defaultCategory)
2026-02-03 10:06:01.077 INFO  com.kms.katalon.core.util.KeywordUtil    - Category terpilih: Adit-Category
2026-02-03 10:06:01.078 INFO  k.k.c.m.CustomKeywordDelegatingMetaClass - company.EntitySelector.selectCategoryInDialog is PASSED
2026-02-03 10:06:01.079 DEBUG reate - New Indicator Template Selection - 7: click(findTestObject("Object - Maintenance Routine/Button - Select"))
2026-02-03 10:06:02.455 DEBUG reate - New Indicator Template Selection - 8: setText(findTestObject("Object - Maintenance Routine/Input - Template Description"), generatedName)
2026-02-03 10:06:04.140 DEBUG reate - New Indicator Template Selection - 9: click(findTestObject("Object - Maintenance Routine/Button - Add Indicator"))
2026-02-03 10:06:05.315 DEBUG reate - New Indicator Template Selection - 10: setText(findTestObject("Object - Maintenance Routine/Input - Indicator Name"), "Servis")
2026-02-03 10:06:07.028 DEBUG reate - New Indicator Template Selection - 11: click(findTestObject("Object - Maintenance Routine/Input - Select Type"))
2026-02-03 10:06:08.473 DEBUG reate - New Indicator Template Selection - 12: click(findTestObject("Object - Maintenance Routine/List - Range Value"))
2026-02-03 10:06:09.879 DEBUG reate - New Indicator Template Selection - 13: click(findTestObject("Object - Maintenance Routine/Input - Value Type"))
2026-02-03 10:06:11.292 DEBUG reate - New Indicator Template Selection - 14: click(findTestObject("Object - Maintenance Routine/List - Number"))
2026-02-03 10:06:12.678 DEBUG reate - New Indicator Template Selection - 15: setText(findTestObject("Object - Maintenance Routine/Input - Measurement"), "Suhu")
2026-02-03 10:06:14.389 DEBUG reate - New Indicator Template Selection - 16: click(findTestObject("Object - Maintenance Routine/Button - Save"))
2026-02-03 10:06:15.775 DEBUG reate - New Indicator Template Selection - 17: click(findTestObject("Object - Maintenance Routine/Button - Submit"))
2026-02-03 10:06:17.207 DEBUG reate - New Indicator Template Selection - 18: verifyElementVisible(findTestObject("Object - Maintenance Routine/Toast - Success"))
2026-02-03 10:06:19.155 DEBUG reate - New Indicator Template Selection - 19: verifyElementText(findTestObject("Object - Maintenance Routine/Toast - Success"), "Success, template has been created.")
2026-02-03 10:06:19.400 INFO  c.k.katalon.core.main.TestCaseExecutor   - END Test Cases/Module - Addon/Submodule - Maintenance Routine/Positive (New)/Create - New Indicator Template Range Value
2026-02-03 10:06:19.402 INFO  c.k.katalon.core.main.TestCaseExecutor   - --------------------
2026-02-03 10:06:19.402 INFO  c.k.katalon.core.main.TestCaseExecutor   - START Test Cases/Module - Addon/Submodule - Maintenance Routine/Positive (New)/Delete - Specific Indicator Template
SKIP GENERATE: Menggunakan data dari Test Suite Setup.
2026-02-03 10:06:19.454 DEBUG t.Delete - Specific Indicator Template   - 1: click(findTestObject("Object - Maintenance Routine/Tab - Operations"))
2026-02-03 10:06:20.759 DEBUG t.Delete - Specific Indicator Template   - 2: click(findTestObject("Object - Maintenance Routine/Badge - Indicator"))
2026-02-03 10:06:23.171 DEBUG t.Delete - Specific Indicator Template   - 3: company.SpecificElipsis.chooseSpesificTask("Testing Template Selection")
2026-02-03 10:06:26.364 WARN  k.k.c.w.k.b.WaitForElementVisibleKeyword - Web element with id: 'dynamicEllipsis' located by 'By.xpath: //tr[.//span[text()='Testing Template Selection']]//button' not found
2026-02-03 10:06:56.677 ERROR c.k.k.core.keyword.internal.KeywordMain  - ❌ Unable to click on object 'dynamicEllipsis' (Root cause: com.kms.katalon.core.exception.StepFailedException: Unable to click on object 'dynamicEllipsis'
	at com.kms.katalon.core.webui.keyword.internal.WebUIKeywordMain.stepFailed(WebUIKeywordMain.groovy:177)
	at com.kms.katalon.core.webui.keyword.internal.WebUIKeywordMain.runKeyword(WebUIKeywordMain.groovy:49)
	at com.kms.katalon.core.webui.keyword.internal.WebUIKeywordMain.runKeywordUntilTimeout(WebUIKeywordMain.groovy:133)
	at com.kms.katalon.core.webui.keyword.builtin.ClickKeyword.click(ClickKeyword.groovy:65)
	at com.kms.katalon.core.webui.keyword.builtin.ClickKeyword.execute(ClickKeyword.groovy:38)
	at com.kms.katalon.core.keyword.internal.KeywordExecutor.executeKeywordForPlatform(KeywordExecutor.groovy:89)
	at com.kms.katalon.core.webui.keyword.WebUiBuiltInKeywords.click(WebUiBuiltInKeywords.groovy:721)
	at company.SpecificElipsis.chooseSpesificTask(SpecificElipsis.groovy:47)
	at java.base/jdk.internal.reflect.NativeMethodAccessorImpl.invoke0(Native Method)
	at java.base/jdk.internal.reflect.NativeMethodAccessorImpl.invoke(NativeMethodAccessorImpl.java:77)
	at java.base/jdk.internal.reflect.DelegatingMethodAccessorImpl.invoke(DelegatingMethodAccessorImpl.java:43)
	at com.kms.katalon.core.main.CustomKeywordDelegatingMetaClass.invokeStaticMethod(CustomKeywordDelegatingMetaClass.java:55)
	at Delete - Specific Indicator Template.run(Delete - Specific Indicator Template:24)
	at com.kms.katalon.core.main.ScriptEngine.run(ScriptEngine.java:194)
	at com.kms.katalon.core.main.ScriptEngine.runScriptAsRawText(ScriptEngine.java:119)
	at com.kms.katalon.core.main.TestCaseExecutor.runScript(TestCaseExecutor.java:486)
	at com.kms.katalon.core.main.TestCaseExecutor.doExecute(TestCaseExecutor.java:477)
	at com.kms.katalon.core.main.TestCaseExecutor.processExecutionPhase(TestCaseExecutor.java:456)
	at com.kms.katalon.core.main.TestCaseExecutor.accessMainPhase(TestCaseExecutor.java:448)
	at com.kms.katalon.core.main.TestCaseExecutor.execute(TestCaseExecutor.java:322)
	at com.kms.katalon.core.common.CommonExecutor.accessTestCaseMainPhase(CommonExecutor.java:71)
	at com.kms.katalon.core.main.TestSuiteExecutor.accessTestSuiteMainPhase(TestSuiteExecutor.java:145)
	at com.kms.katalon.core.main.TestSuiteExecutor.execute(TestSuiteExecutor.java:104)
	at com.kms.katalon.core.main.TestCaseMain.startTestSuite(TestCaseMain.java:205)
	at TempTestSuite1770087561411.run(TempTestSuite1770087561411.groovy:35)
	at java.base/jdk.internal.reflect.NativeMethodAccessorImpl.invoke0(Native Method)
	at java.base/jdk.internal.reflect.NativeMethodAccessorImpl.invoke(NativeMethodAccessorImpl.java:77)
	at java.base/jdk.internal.reflect.DelegatingMethodAccessorImpl.invoke(DelegatingMethodAccessorImpl.java:43)
Caused by: com.kms.katalon.core.webui.exception.WebElementNotFoundException: Web element with id: 'dynamicEllipsis' located by 'By.xpath: //tr[.//span[text()='Testing Template Selection']]//button' not found
	at com.kms.katalon.core.webui.model.WebUiElementFinder.findElementByNormalMethods(WebUiElementFinder.java:193)
	at com.kms.katalon.core.webui.model.WebUiElementFinder.findElementsBySelectedMethod(WebUiElementFinder.java:86)
	at com.kms.katalon.core.webui.model.WebUiElementFinder.findElementsBySelectedMethod(WebUiElementFinder.java:74)
	at com.kms.katalon.core.webui.model.WebUiElementFinder.findElementsBySelectedMethod(WebUiElementFinder.java:69)
	at com.kms.katalon.core.webui.model.WebUiElementFinder.findElement(WebUiElementFinder.java:43)
	at com.kms.katalon.core.webui.model.WebUiElementFinderWithTimeout.basicFindElement(WebUiElementFinderWithTimeout.java:50)
	at com.kms.katalon.core.webui.model.WebUiElementFinderWithTimeout.lambda$0(WebUiElementFinderWithTimeout.java:29)
	at com.kms.katalon.core.webui.model.SeleniumActionRetryController.performAction(SeleniumActionRetryController.java:96)
	at com.kms.katalon.core.webui.model.SeleniumActionRetryController.performAction(SeleniumActionRetryController.java:83)
	at com.kms.katalon.core.webui.model.WebUiElementFinderWithTimeout.findElement(WebUiElementFinderWithTimeout.java:28)
	at com.kms.katalon.core.webui.keyword.internal.WebUIAbstractKeyword.findWebElement(WebUIAbstractKeyword.groovy:96)
	at com.kms.katalon.core.webui.keyword.builtin.ClickKeyword$_click_closure1.doCall(ClickKeyword.groovy:52)
	at jdk.internal.reflect.GeneratedMethodAccessor20.invoke(Unknown Source)
	at java.base/jdk.internal.reflect.DelegatingMethodAccessorImpl.invoke(DelegatingMethodAccessorImpl.java:43)
	at jdk.proxy2/jdk.proxy2.$Proxy48.execute(Unknown Source)
	at com.kms.katalon.core.webui.model.SeleniumActionRetryController.performAction(SeleniumActionRetryController.java:96)
	at com.kms.katalon.core.webui.model.SeleniumActionRetryController.performAction(SeleniumActionRetryController.java:83)
	at com.kms.katalon.core.webui.keyword.internal.WebUIKeywordMain$_runKeywordUntilTimeout_closure1.doCall(WebUIKeywordMain.groovy:135)
	at com.kms.katalon.core.webui.keyword.internal.WebUIKeywordMain$_runKeywordUntilTimeout_closure1.call(WebUIKeywordMain.groovy)
	at com.kms.katalon.core.webui.keyword.internal.WebUIKeywordMain.runKeyword(WebUIKeywordMain.groovy:41)
	at com.kms.katalon.core.webui.keyword.internal.WebUIKeywordMain.runKeywordUntilTimeout(WebUIKeywordMain.groovy:133)
	at com.kms.katalon.core.webui.keyword.builtin.ClickKeyword.click(ClickKeyword.groovy:65)
	at com.kms.katalon.core.webui.keyword.builtin.ClickKeyword.execute(ClickKeyword.groovy:38)
	at com.kms.katalon.core.keyword.internal.KeywordExecutor.executeKeywordForPlatform(KeywordExecutor.groovy:89)
	at com.kms.katalon.core.webui.keyword.WebUiBuiltInKeywords.click(WebUiBuiltInKeywords.groovy:721)
	at company.SpecificElipsis.chooseSpesificTask(SpecificElipsis.groovy:47)
	at java.base/jdk.internal.reflect.NativeMethodAccessorImpl.invoke0(Native Method)
	at java.base/jdk.internal.reflect.NativeMethodAccessorImpl.invoke(NativeMethodAccessorImpl.java:77)
	at java.base/jdk.internal.reflect.DelegatingMethodAccessorImpl.invoke(DelegatingMethodAccessorImpl.java:43)
	at com.kms.katalon.core.main.CustomKeywordDelegatingMetaClass.invokeStaticMethod(CustomKeywordDelegatingMetaClass.java:55)
	at Script1769674586106.run(Script1769674586106.groovy:24)
	... 15 more
)
2026-02-03 10:06:56.681 ERROR k.k.c.m.CustomKeywordDelegatingMetaClass - ❌ Unable to click on object 'dynamicEllipsis'
com.kms.katalon.core.webui.exception.WebElementNotFoundException: Web element with id: 'dynamicEllipsis' located by 'By.xpath: //tr[.//span[text()='Testing Template Selection']]//button' not found
2026-02-03 10:06:56.682 ERROR c.k.katalon.core.main.TestCaseExecutor   - ❌ Test Cases/Module - Addon/Submodule - Maintenance Routine/Positive (New)/Delete - Specific Indicator Template FAILED.
Reason:
com.kms.katalon.core.exception.StepFailedException: Unable to click on object 'dynamicEllipsis'
	at com.kms.katalon.core.webui.keyword.internal.WebUIKeywordMain.stepFailed(WebUIKeywordMain.groovy:177)
	at com.kms.katalon.core.webui.keyword.internal.WebUIKeywordMain.runKeyword(WebUIKeywordMain.groovy:49)
	at com.kms.katalon.core.webui.keyword.internal.WebUIKeywordMain.runKeywordUntilTimeout(WebUIKeywordMain.groovy:133)
	at com.kms.katalon.core.webui.keyword.builtin.ClickKeyword.click(ClickKeyword.groovy:65)
	at com.kms.katalon.core.webui.keyword.builtin.ClickKeyword.execute(ClickKeyword.groovy:38)
	at com.kms.katalon.core.keyword.internal.KeywordExecutor.executeKeywordForPlatform(KeywordExecutor.groovy:89)
	at com.kms.katalon.core.webui.keyword.WebUiBuiltInKeywords.click(WebUiBuiltInKeywords.groovy:721)
	at company.SpecificElipsis.chooseSpesificTask(SpecificElipsis.groovy:47)
	at java.base/jdk.internal.reflect.NativeMethodAccessorImpl.invoke0(Native Method)
	at java.base/jdk.internal.reflect.NativeMethodAccessorImpl.invoke(NativeMethodAccessorImpl.java:77)
	at java.base/jdk.internal.reflect.DelegatingMethodAccessorImpl.invoke(DelegatingMethodAccessorImpl.java:43)
	at com.kms.katalon.core.main.CustomKeywordDelegatingMetaClass.invokeStaticMethod(CustomKeywordDelegatingMetaClass.java:55)
	at Delete - Specific Indicator Template.run(Delete - Specific Indicator Template:24)
	at com.kms.katalon.core.main.ScriptEngine.run(ScriptEngine.java:194)
	at com.kms.katalon.core.main.ScriptEngine.runScriptAsRawText(ScriptEngine.java:119)
	at com.kms.katalon.core.main.TestCaseExecutor.runScript(TestCaseExecutor.java:486)
	at com.kms.katalon.core.main.TestCaseExecutor.doExecute(TestCaseExecutor.java:477)
	at com.kms.katalon.core.main.TestCaseExecutor.processExecutionPhase(TestCaseExecutor.java:456)
	at com.kms.katalon.core.main.TestCaseExecutor.accessMainPhase(TestCaseExecutor.java:448)
	at com.kms.katalon.core.main.TestCaseExecutor.execute(TestCaseExecutor.java:322)
	at com.kms.katalon.core.common.CommonExecutor.accessTestCaseMainPhase(CommonExecutor.java:71)
	at com.kms.katalon.core.main.TestSuiteExecutor.accessTestSuiteMainPhase(TestSuiteExecutor.java:145)
	at com.kms.katalon.core.main.TestSuiteExecutor.execute(TestSuiteExecutor.java:104)
	at com.kms.katalon.core.main.TestCaseMain.startTestSuite(TestCaseMain.java:205)
	at TempTestSuite1770087561411.run(TempTestSuite1770087561411.groovy:35)
	at java.base/jdk.internal.reflect.NativeMethodAccessorImpl.invoke0(Native Method)
	at java.base/jdk.internal.reflect.NativeMethodAccessorImpl.invoke(NativeMethodAccessorImpl.java:77)
	at java.base/jdk.internal.reflect.DelegatingMethodAccessorImpl.invoke(DelegatingMethodAccessorImpl.java:43)
Caused by: com.kms.katalon.core.webui.exception.WebElementNotFoundException: Web element with id: 'dynamicEllipsis' located by 'By.xpath: //tr[.//span[text()='Testing Template Selection']]//button' not found
	at com.kms.katalon.core.webui.model.WebUiElementFinder.findElementByNormalMethods(WebUiElementFinder.java:193)
	at com.kms.katalon.core.webui.model.WebUiElementFinder.findElementsBySelectedMethod(WebUiElementFinder.java:86)
	at com.kms.katalon.core.webui.model.WebUiElementFinder.findElementsBySelectedMethod(WebUiElementFinder.java:74)
	at com.kms.katalon.core.webui.model.WebUiElementFinder.findElementsBySelectedMethod(WebUiElementFinder.java:69)
	at com.kms.katalon.core.webui.model.WebUiElementFinder.findElement(WebUiElementFinder.java:43)
	at com.kms.katalon.core.webui.model.WebUiElementFinderWithTimeout.basicFindElement(WebUiElementFinderWithTimeout.java:50)
	at com.kms.katalon.core.webui.model.WebUiElementFinderWithTimeout.lambda$0(WebUiElementFinderWithTimeout.java:29)
	at com.kms.katalon.core.webui.model.SeleniumActionRetryController.performAction(SeleniumActionRetryController.java:96)
	at com.kms.katalon.core.webui.model.SeleniumActionRetryController.performAction(SeleniumActionRetryController.java:83)
	at com.kms.katalon.core.webui.model.WebUiElementFinderWithTimeout.findElement(WebUiElementFinderWithTimeout.java:28)
	at com.kms.katalon.core.webui.keyword.internal.WebUIAbstractKeyword.findWebElement(WebUIAbstractKeyword.groovy:96)
	at com.kms.katalon.core.webui.keyword.builtin.ClickKeyword$_click_closure1.doCall(ClickKeyword.groovy:52)
	at jdk.internal.reflect.GeneratedMethodAccessor20.invoke(Unknown Source)
	at java.base/jdk.internal.reflect.DelegatingMethodAccessorImpl.invoke(DelegatingMethodAccessorImpl.java:43)
	at jdk.proxy2/jdk.proxy2.$Proxy48.execute(Unknown Source)
	at com.kms.katalon.core.webui.model.SeleniumActionRetryController.performAction(SeleniumActionRetryController.java:96)
	at com.kms.katalon.core.webui.model.SeleniumActionRetryController.performAction(SeleniumActionRetryController.java:83)
	at com.kms.katalon.core.webui.keyword.internal.WebUIKeywordMain$_runKeywordUntilTimeout_closure1.doCall(WebUIKeywordMain.groovy:135)
	at com.kms.katalon.core.webui.keyword.internal.WebUIKeywordMain$_runKeywordUntilTimeout_closure1.call(WebUIKeywordMain.groovy)
	at com.kms.katalon.core.webui.keyword.internal.WebUIKeywordMain.runKeyword(WebUIKeywordMain.groovy:41)
	... 26 more

2026-02-03 10:06:56.685 INFO  c.k.katalon.core.main.TestCaseExecutor   - END Test Cases/Module - Addon/Submodule - Maintenance Routine/Positive (New)/Delete - Specific Indicator Template
2026-02-03 10:06:56.687 INFO  c.k.katalon.core.main.TestCaseExecutor   - --------------------
2026-02-03 10:06:56.687 INFO  c.k.katalon.core.main.TestCaseExecutor   - START Test Cases/Module - Addon/Submodule - Maintenance Routine/Positive (New)/Edit - Indicator Template Selection
2026-02-03 10:06:56.699 INFO  c.k.katalon.core.main.TestCaseExecutor   - (Default) variable = 
SKIP GENERATE: Menggunakan data dari Test Suite Setup.
2026-02-03 10:06:56.777 DEBUG reate - New Indicator Template Selection - 1: click(findTestObject("Object - Maintenance Routine/Tab - Operations"))
2026-02-03 10:06:59.844 DEBUG reate - New Indicator Template Selection - 2: click(findTestObject("Object - Maintenance Routine/Badge - Indicator"))
2026-02-03 10:07:02.315 DEBUG reate - New Indicator Template Selection - 3: company.SpecificElipsis.chooseSpesificTask("Testing Template Single Value")
2026-02-03 10:07:05.127 INFO  k.k.c.m.CustomKeywordDelegatingMetaClass - company.SpecificElipsis.chooseSpesificTask is PASSED
2026-02-03 10:07:05.128 DEBUG reate - New Indicator Template Selection - 4: click(findTestObject("Object - Maintenance Routine/List Elipsis - Edit"))
2026-02-03 10:07:06.546 DEBUG reate - New Indicator Template Selection - 5: setText(findTestObject("Object - Maintenance Routine/Input - Template Name"), "Testing Edit")
2026-02-03 10:07:08.868 DEBUG reate - New Indicator Template Selection - 6: setText(findTestObject("Object - Maintenance Routine/Input - Template Description"), generatedName)
2026-02-03 10:07:10.603 DEBUG reate - New Indicator Template Selection - 7: click(findTestObject("Object - Maintenance Routine/Button - Add Indicator"))
2026-02-03 10:07:11.800 DEBUG reate - New Indicator Template Selection - 8: setText(findTestObject("Object - Maintenance Routine/Input - Indicator Name"), "Servis edit")
2026-02-03 10:07:13.539 DEBUG reate - New Indicator Template Selection - 9: click(findTestObject("Object - Maintenance Routine/Input - Select Type"))
2026-02-03 10:07:14.949 DEBUG reate - New Indicator Template Selection - 10: click(findTestObject("Object - Maintenance Routine/List - Selection"))
2026-02-03 10:07:16.346 DEBUG reate - New Indicator Template Selection - 11: click(findTestObject("Object - Maintenance Routine/Input - Value Type"))
2026-02-03 10:07:19.176 DEBUG reate - New Indicator Template Selection - 12: click(findTestObject("Object - Maintenance Routine/List - Text"))
2026-02-03 10:07:20.600 DEBUG reate - New Indicator Template Selection - 13: setText(findTestObject("Object - Maintenance Routine/Input - Measurement"), "Condition edit")
2026-02-03 10:07:22.331 DEBUG reate - New Indicator Template Selection - 14: click(findTestObject("Object - Maintenance Routine/Button - Add Selection"))
2026-02-03 10:07:23.726 DEBUG reate - New Indicator Template Selection - 15: setText(findTestObject("Object - Maintenance Routine/Input - Selection value 1"), "Good edit")
2026-02-03 10:07:25.428 DEBUG reate - New Indicator Template Selection - 16: setText(findTestObject("Object - Maintenance Routine/Input - Selection value 2"), "Need Repair edit")
2026-02-03 10:07:26.960 DEBUG reate - New Indicator Template Selection - 17: setText(findTestObject("Object - Maintenance Routine/Input - Selection value 3"), "Broken edit")
2026-02-03 10:07:28.493 DEBUG reate - New Indicator Template Selection - 18: click(findTestObject("Object - Maintenance Routine/Button - Save Edit"))
2026-02-03 10:07:29.689 DEBUG reate - New Indicator Template Selection - 19: click(findTestObject("Object - Maintenance Routine/Button - Save"))
2026-02-03 10:07:31.108 DEBUG reate - New Indicator Template Selection - 20: verifyElementVisible(findTestObject("Object - Maintenance Routine/Toast - Success"))
2026-02-03 10:07:32.498 DEBUG reate - New Indicator Template Selection - 21: verifyElementText(findTestObject("Object - Maintenance Routine/Toast - Success"), "Success, template has been edited.")
2026-02-03 10:07:32.749 INFO  c.k.katalon.core.main.TestCaseExecutor   - END Test Cases/Module - Addon/Submodule - Maintenance Routine/Positive (New)/Edit - Indicator Template Selection
2026-02-03 10:07:32.751 INFO  c.k.katalon.core.main.TestCaseExecutor   - --------------------
2026-02-03 10:07:32.751 INFO  c.k.katalon.core.main.TestCaseExecutor   - START Test Cases/Module - Addon/Submodule - Maintenance Routine/Positive (New)/Bulk Action - Delete Indicator Template
SKIP GENERATE: Menggunakan data dari Test Suite Setup.
2026-02-03 10:07:32.800 DEBUG .Bulk Action - Delete Indicator Template - 1: click(findTestObject("Object - Maintenance Routine/Tab - Operations"))
2026-02-03 10:07:34.135 DEBUG .Bulk Action - Delete Indicator Template - 2: click(findTestObject("Object - Maintenance Routine/Badge - Indicator"))
2026-02-03 10:07:36.552 DEBUG .Bulk Action - Delete Indicator Template - 3: click(findTestObject("Object - Maintenance Routine/Checkbox - Header Table"))
2026-02-03 10:07:38.398 DEBUG .Bulk Action - Delete Indicator Template - 4: click(findTestObject("Object - Maintenance Routine/Button - Bulk Action"))
2026-02-03 10:07:39.782 DEBUG .Bulk Action - Delete Indicator Template - 5: click(findTestObject("Object - Maintenance Routine/List Elipsis - Delete"))
2026-02-03 10:07:41.180 DEBUG .Bulk Action - Delete Indicator Template - 6: click(findTestObject("Object - Maintenance Routine/Button - Confirm Delete"))
2026-02-03 10:07:42.575 DEBUG .Bulk Action - Delete Indicator Template - 7: verifyElementVisible(findTestObject("Object - Maintenance Routine/Toast - Success"))
2026-02-03 10:07:44.470 DEBUG .Bulk Action - Delete Indicator Template - 8: verifyElementText(findTestObject("Object - Maintenance Routine/Toast - Success"), "Success, template has been deleted.")
2026-02-03 10:07:44.729 INFO  c.k.katalon.core.main.TestCaseExecutor   - END Test Cases/Module - Addon/Submodule - Maintenance Routine/Positive (New)/Bulk Action - Delete Indicator Template
2026-02-03 10:07:45.050 INFO  c.k.katalon.core.main.TestSuiteExecutor  - --------------------
2026-02-03 10:07:45.050 INFO  c.k.katalon.core.main.TestSuiteExecutor  - END Test Suites/Addon - Maintenance Routine/Indicator Template
2026-02-03 10:07:45.050 INFO  c.k.katalon.core.main.TestSuiteExecutor  - ====================
